INFO:__main__:Logging Started
INFO:__main__:Logging Started
INFO:__main__:Logging Started
DEBUG:copy_static:./public/index.css
INFO:__main__:Logging Started
INFO:__main__:Logging Started
DEBUG:copy_static:./public/index.css
INFO:__main__:Logging Started
DEBUG:copy_static:./public/index.css
INFO:__main__:Logging Started
DEBUG:copy_static:./public/index.css
DEBUG:copy_static:./public/images/tolkien.png
INFO:__main__:Logging Started
DEBUG:copy_static:./public/index.css
DEBUG:copy_static:./public/images/tolkien.png
INFO:__main__:Logging Finished
INFO:__main__:Logging Started
DEBUG:copy_static:./public/index.css
DEBUG:copy_static:./public/images/tolkien.png
INFO:__main__:Logging Finished
INFO:__main__:Logging Started
DEBUG:copy_static:./public/index.css
DEBUG:copy_static:./public/images/tolkien.png
DEBUG:copy_static:./public/images/test.py
INFO:__main__:Logging Finished
INFO:__main__:Logging Started
DEBUG:copy_static:./public/index.css
DEBUG:copy_static:./public/images/tolkien.png
INFO:__main__:Logging Finished
INFO:__main__:Logging Started
DEBUG:copy_static:./public/index.css
DEBUG:copy_static:./public/images/tolkien.png
INFO:__main__:Logging Finished
INFO:__main__:Logging Started
DEBUG:copy_static:./public/index.css
DEBUG:copy_static:./public/images/tolkien.png
INFO:__main__:Logging Started
DEBUG:copy_static:./public/index.css
DEBUG:copy_static:./public/images/tolkien.png
INFO:__main__:Logging Started
DEBUG:copy_static:./public/index.css
DEBUG:copy_static:./public/images/tolkien.png
INFO:__main__:Logging Started
DEBUG:copy_static:./public/index.css
DEBUG:copy_static:./public/images/tolkien.png
INFO:__main__:Logging Started
DEBUG:copy_static:./public/index.css
DEBUG:copy_static:./public/images/tolkien.png
INFO:__main__:Logging Started
DEBUG:copy_static:./public/index.css
DEBUG:copy_static:./public/images/tolkien.png
INFO:__main__:Logging Started
DEBUG:copy_static:./public/index.css
DEBUG:copy_static:./public/images/tolkien.png
INFO:__main__:Logging Started
DEBUG:copy_static:./public/index.css
DEBUG:copy_static:./public/images/tolkien.png
INFO:__main__:Logging Started
DEBUG:copy_static:./public/index.css
DEBUG:copy_static:./public/images/tolkien.png
INFO:__main__:Logging Started
DEBUG:copy_static:./public/index.css
DEBUG:copy_static:./public/images/tolkien.png
INFO:__main__:Logging Started
DEBUG:copy_static:./public/index.css
DEBUG:copy_static:./public/images/tolkien.png
INFO:__main__:Logging Finished
INFO:__main__:Logging Started
DEBUG:copy_static:./public/index.css
DEBUG:copy_static:./public/images/tolkien.png
INFO:__main__:Logging Finished
INFO:__main__:Logging Started
DEBUG:copy_static:./public/index.css
DEBUG:copy_static:./public/images/tolkien.png
INFO:__main__:Logging Finished
INFO:__main__:Logging Started
DEBUG:copy_static:./public/index.css
DEBUG:copy_static:./public/images/tolkien.png
INFO:__main__:Logging Finished
INFO:__main__:Logging Started
DEBUG:copy_static:./public/index.css
DEBUG:copy_static:./public/images/tolkien.png
INFO:__main__:Logging Finished
INFO:__main__:Logging Started
DEBUG:copy_static:./public/index.css
DEBUG:copy_static:./public/images/tolkien.png
DEBUG:copy_static:./public/images/tom.png:Zone.Identifier
DEBUG:copy_static:./public/images/rivendell.png
DEBUG:copy_static:./public/images/glorfindel.png
DEBUG:copy_static:./public/images/rivendell.png:Zone.Identifier
DEBUG:copy_static:./public/images/glorfindel.png:Zone.Identifier
DEBUG:copy_static:./public/images/tom.png
INFO:__main__:Logging Finished
INFO:__main__:Logging Started
DEBUG:copy_static:./public/index.css
DEBUG:copy_static:./public/images/tolkien.png
DEBUG:copy_static:./public/images/tom.png:Zone.Identifier
DEBUG:copy_static:./public/images/rivendell.png
DEBUG:copy_static:./public/images/glorfindel.png
DEBUG:copy_static:./public/images/rivendell.png:Zone.Identifier
DEBUG:copy_static:./public/images/glorfindel.png:Zone.Identifier
DEBUG:copy_static:./public/images/tom.png
INFO:__main__:Logging Started
DEBUG:copy_static:./public/index.css
DEBUG:copy_static:./public/images/tolkien.png
DEBUG:copy_static:./public/images/rivendell.png
DEBUG:copy_static:./public/images/glorfindel.png
DEBUG:copy_static:./public/images/tom.png
INFO:__main__:Logging Finished
INFO:__main__:Logging Started
DEBUG:copy_static:./public/index.css
DEBUG:copy_static:./public/images/tolkien.png
DEBUG:copy_static:./public/images/rivendell.png
DEBUG:copy_static:./public/images/glorfindel.png
DEBUG:copy_static:./public/images/tom.png
INFO:__main__:Logging Finished
INFO:__main__:Logging Started
DEBUG:copy_static:./public/index.css
DEBUG:copy_static:./public/images/tolkien.png
DEBUG:copy_static:./public/images/rivendell.png
DEBUG:copy_static:./public/images/glorfindel.png
DEBUG:copy_static:./public/images/tom.png
INFO:__main__:Logging Started
DEBUG:copy_static:./public/index.css
DEBUG:copy_static:./public/images/tolkien.png
DEBUG:copy_static:./public/images/rivendell.png
DEBUG:copy_static:./public/images/glorfindel.png
DEBUG:copy_static:./public/images/tom.png
INFO:__main__:Logging Finished
INFO:__main__:Logging Started
DEBUG:copy_static:./public/index.css
DEBUG:copy_static:./public/images/tolkien.png
DEBUG:copy_static:./public/images/rivendell.png
DEBUG:copy_static:./public/images/glorfindel.png
DEBUG:copy_static:./public/images/tom.png
INFO:__main__:Logging Finished
INFO:__main__:Logging Started
DEBUG:copy_static:./public/index.css
DEBUG:copy_static:./public/images/tolkien.png
DEBUG:copy_static:./public/images/rivendell.png
DEBUG:copy_static:./public/images/glorfindel.png
DEBUG:copy_static:./public/images/tom.png
INFO:__main__:Logging Finished
INFO:__main__:Logging Started
INFO:__main__:Logging Started
DEBUG:copy_static:./public/index.css
DEBUG:copy_static:./public/images/tolkien.png
DEBUG:copy_static:./public/images/rivendell.png
DEBUG:copy_static:./public/images/glorfindel.png
DEBUG:copy_static:./public/images/tom.png
INFO:__main__:Logging Started
DEBUG:copy_static:./public/index.css
DEBUG:copy_static:./public/images/tolkien.png
DEBUG:copy_static:./public/images/rivendell.png
DEBUG:copy_static:./public/images/glorfindel.png
DEBUG:copy_static:./public/images/tom.png
INFO:__main__:Logging Started
DEBUG:copy_static:./public/index.css
DEBUG:copy_static:./public/images/tolkien.png
DEBUG:copy_static:./public/images/rivendell.png
DEBUG:copy_static:./public/images/glorfindel.png
DEBUG:copy_static:./public/images/tom.png
INFO:__main__:Logging Started
DEBUG:copy_static:./public/index.css
DEBUG:copy_static:./public/images/tolkien.png
DEBUG:copy_static:./public/images/rivendell.png
DEBUG:copy_static:./public/images/glorfindel.png
DEBUG:copy_static:./public/images/tom.png
INFO:__main__:Logging Started
DEBUG:copy_static:./public/index.css
DEBUG:copy_static:./public/images/tolkien.png
DEBUG:copy_static:./public/images/rivendell.png
DEBUG:copy_static:./public/images/glorfindel.png
DEBUG:copy_static:./public/images/tom.png
INFO:__main__:Logging Started
DEBUG:copy_static:./public/index.css
DEBUG:copy_static:./public/images/tolkien.png
DEBUG:copy_static:./public/images/rivendell.png
DEBUG:copy_static:./public/images/glorfindel.png
DEBUG:copy_static:./public/images/tom.png
INFO:__main__:Logging Started
DEBUG:copy_static:./public/index.css
DEBUG:copy_static:./public/images/tolkien.png
DEBUG:copy_static:./public/images/rivendell.png
DEBUG:copy_static:./public/images/glorfindel.png
DEBUG:copy_static:./public/images/tom.png
INFO:__main__:Logging Started
DEBUG:copy_static:./public/index.css
DEBUG:copy_static:./public/images/tolkien.png
DEBUG:copy_static:./public/images/rivendell.png
DEBUG:copy_static:./public/images/glorfindel.png
DEBUG:copy_static:./public/images/tom.png
INFO:__main__:Logging Started
DEBUG:copy_static:./public/index.css
DEBUG:copy_static:./public/images/tolkien.png
DEBUG:copy_static:./public/images/rivendell.png
DEBUG:copy_static:./public/images/glorfindel.png
DEBUG:copy_static:./public/images/tom.png
INFO:__main__:Logging Started
DEBUG:copy_static:./public/index.css
DEBUG:copy_static:./public/images/tolkien.png
DEBUG:copy_static:./public/images/rivendell.png
DEBUG:copy_static:./public/images/glorfindel.png
DEBUG:copy_static:./public/images/tom.png
INFO:__main__:Logging Started
DEBUG:copy_static:./public/index.css
DEBUG:copy_static:./public/images/tolkien.png
DEBUG:copy_static:./public/images/rivendell.png
DEBUG:copy_static:./public/images/glorfindel.png
DEBUG:copy_static:./public/images/tom.png
INFO:__main__:Logging Finished
INFO:__main__:Logging Started
DEBUG:copy_static:./docs/index.css
DEBUG:copy_static:./docs/images/tolkien.png
DEBUG:copy_static:./docs/images/rivendell.png
DEBUG:copy_static:./docs/images/glorfindel.png
DEBUG:copy_static:./docs/images/tom.png
INFO:__main__:Logging Finished
